#-----------------------------------------------------------
# Vivado v2018.2 (64-bit)
# SW Build 2258646 on Thu Jun 14 20:03:12 MDT 2018
# IP Build 2256618 on Thu Jun 14 22:10:49 MDT 2018
# Start of session at: Fri Dec 14 19:34:43 2018
# Process ID: 8384
# Current directory: C:/Users/juanj/Desktop/REPOSITORIO SED/Trabajo_V1.0
# Command line: vivado.exe -gui_launcher_event rodinguilauncherevent9948 C:\Users\juanj\Desktop\REPOSITORIO SED\Trabajo_V1.0\Trabajo_V1.0.xpr
# Log file: C:/Users/juanj/Desktop/REPOSITORIO SED/Trabajo_V1.0/vivado.log
# Journal file: C:/Users/juanj/Desktop/REPOSITORIO SED/Trabajo_V1.0\vivado.jou
#-----------------------------------------------------------
start_gui
open_project {C:/Users/juanj/Desktop/REPOSITORIO SED/Trabajo_V1.0/Trabajo_V1.0.xpr}
update_compile_order -fileset sources_1
export_ip_user_files -of_objects  [get_files {{C:/Users/juanj/Desktop/REPOSITORIO SED/OneDrive - Universidad Politécnica de Madrid/Universidad/4ºCarrera/SISTEMAS ELECTRONICOS DIGITALES/Laboratorio/digilent-xdc-master/Nexys-4-Master.xdc}}] -no_script -reset -force -quiet
remove_files  -fileset constrs_1 {{C:/Users/juanj/Desktop/REPOSITORIO SED/OneDrive - Universidad Politécnica de Madrid/Universidad/4ºCarrera/SISTEMAS ELECTRONICOS DIGITALES/Laboratorio/digilent-xdc-master/Nexys-4-Master.xdc}}
add_files -fileset constrs_1 -norecurse {{C:/Users/juanj/Desktop/REPOSITORIO SED/Nexys4DDR_Master.xdc}}
launch_runs synth_1 -jobs 2
wait_on_run synth_1
launch_runs impl_1 -jobs 2
wait_on_run impl_1
open_run impl_1
